---
source: src/commands/packet.rs
assertion_line: 838
expression: rendered
---
EVIDENCE PACKET
Run:      golden-rust
Command:  cargo test commands::packet::tests::renders_packet  exit code: 101
Likely failure:  test_failure: Test commands::packet::tests::renders_packet failed
Diagnostics:
  - test failure: test commands::packet::tests::renders_packet failed
  - panic: assertion `left == right` failed
left: "packet source"
right: "useful source excerpt" (src/commands/packet.rs:612:9)
Files mentioned:
  src/commands/packet.rs:612:9
Suggested context:
window@src/commands/packet.rs:602
```rust
// filler line 602
// filler line 603
// filler line 604
// filler line 605
// filler line 606
// filler line 607
// filler line 608
// filler line 609
#[test]
fn renders_packet() {
    assert_eq!(actual.source(), "useful source excerpt");
}
```
reason: Primary test failure location
Context budget:
  packet tokens: 319
Budget:  soft: 40,000  hard: 80,000
This run: raw output: 381 (1.0% of soft, 0.5% of hard)  packet: 319 (0.8% of soft, 0.4% of hard)
Status: packet is within budget; raw output would have used 1.0% of soft budget
Omitted:
  - source: stdout  tokens: 0  reason: non-error output omitted from compact packet
  - source: stderr  tokens: 381  reason: non-error output omitted from compact packet
Full handles:
  stdout: .haycut/runs/golden-rust/stdout.txt
  stderr: .haycut/runs/golden-rust/stderr.txt
  compact: sqlite:compact_json
